<html>
<body>
<pre>
<h1>µVision Build Log</h1>
<h2>Tool Versions:</h2>
IDE-Version: ¦ÌVision V5.41.0.0
Copyright (C) 2024 ARM Ltd and ARM Germany GmbH. All rights reserved.
License Information: qqq pang_, s, LIC=ZB4EI-T3VIC-RAWDM-XMPQK-2PW15-LAZTC
 
Tool Versions:
Toolchain:       MDK-ARM Plus  Version: 5.41.0.0
Toolchain Path:  C:\Program Files\Keil\ARM\ARM_Compiler_5.06u7\Bin
C Compiler:      Armcc.exe V5.06 update 7 (build 960)
Assembler:       Armasm.exe V5.06 update 7 (build 960)
Linker/Locator:  ArmLink.exe V5.06 update 7 (build 960)
Library Manager: ArmAr.exe V5.06 update 7 (build 960)
Hex Converter:   FromElf.exe V5.06 update 7 (build 960)
CPU DLL:         SARMCM3.DLL V5.41.0.0
Dialog DLL:      DCM.DLL V1.17.5.0
Target DLL:      STLink\ST-LINKIII-KEIL_SWO.dll V3.3.0.0
Dialog DLL:      TCM.DLL V1.56.4.0
 
<h2>Project:</h2>
C:\Users\pang_\Downloads\stm32car-main\stm32car-main\stm32car\car.uvprojx
Project File Date:  03/17/2025

<h2>Output:</h2>
*** Using Compiler 'V5.06 update 7 (build 960)', folder: 'C:\Program Files\Keil\ARM\ARM_Compiler_5.06u7\Bin'
Rebuild target 'Target 1'
assembling startup_stm32f10x_md.s...
compiling stm32f10x_dbgmcu.c...
compiling stm32f10x_can.c...
compiling stm32f10x_adc.c...
compiling core_cm3.c...
compiling stm32f10x_exti.c...
compiling stm32f10x_crc.c...
compiling stm32f10x_dac.c...
compiling misc.c...
compiling stm32f10x_cec.c...
compiling system_stm32f10x.c...
compiling stm32f10x_dma.c...
compiling stm32f10x_bkp.c...
compiling stm32f10x_flash.c...
compiling stm32f10x_gpio.c...
compiling stm32f10x_fsmc.c...
compiling stm32f10x_i2c.c...
compiling stm32f10x_iwdg.c...
compiling stm32f10x_pwr.c...
compiling stm32f10x_rtc.c...
compiling stm32f10x_spi.c...
compiling stm32f10x_rcc.c...
compiling stm32f10x_sdio.c...
compiling stm32f10x_usart.c...
compiling stm32f10x_tim.c...
compiling Delay.c...
compiling stm32f10x_it.c...
compiling stm32f10x_wwdg.c...
compiling main.cpp...
.\hardware\AD.h(8): warning:  #1-D: last line of file ends without a newline
  #endif
.\hardware\m_DMA.h(10): warning:  #1-D: last line of file ends without a newline
  #endif
main.cpp: 2 warnings, 0 errors
compiling Button.c...
compiling Light_sensor.c...
compiling PWM.c...
Hardware\PWM.c(33): warning:  #1-D: last line of file ends without a newline
  }
Hardware\PWM.c: 1 warning, 0 errors
compiling buzzer.c...
compiling IC.c...
Hardware\IC.c(41): warning:  #1-D: last line of file ends without a newline
  }
Hardware\IC.c: 1 warning, 0 errors
compiling Encoder.c...
hardware\Encoder.c(34): warning:  #1-D: last line of file ends without a newline
  }
hardware\Encoder.c: 1 warning, 0 errors
compiling AD.cpp...
Hardware\AD.h(8): warning:  #1-D: last line of file ends without a newline
  #endif
Hardware\AD.cpp(36): warning:  #1-D: last line of file ends without a newline
  }
Hardware\AD.cpp: 2 warnings, 0 errors
compiling m_DMA.cpp...
Hardware\m_DMA.h(10): warning:  #1-D: last line of file ends without a newline
  #endif
Hardware\m_DMA.cpp(30): warning:  #1-D: last line of file ends without a newline
  }
Hardware\m_DMA.cpp: 2 warnings, 0 errors
compiling USART.c...
compiling Motor.cpp...
hardware\Motor.cpp(101): warning:  #1-D: last line of file ends without a newline
  }
hardware\Motor.cpp: 1 warning, 0 errors
compiling irqhandler.c...
irqhandler.c(17): warning:  #1-D: last line of file ends without a newline
  }
irqhandler.c: 1 warning, 0 errors
compiling Tracking.cpp...
compiling Obstacle Avoid.cpp...
linking...
Program Size: Code=4320 RO-data=272 RW-data=44 ZI-data=1636  
FromELF: creating hex file...
".\Objects\demo.axf" - 0 Error(s), 11 Warning(s).

<h2>Software Packages used:</h2>

Package Vendor: Keil
                http://www.keil.com/pack/Keil.STM32F1xx_DFP.2.2.0.pack
                Keil::STM32F1xx_DFP@2.2.0
                STMicroelectronics STM32F1 Series Device Support, Drivers and Examples

<h2>Collection of Component include folders:</h2>
  C:/Users/pang_/AppData/Local/Arm/Packs/Keil/STM32F1xx_DFP/2.2.0/Device/Include

<h2>Collection of Component Files used:</h2>
Build Time Elapsed:  00:00:02
</pre>
</body>
</html>
